// Jest Snapshot v1, https://goo.gl/fbAQLP

exports[`renders correctly 1`] = `
<div
  className="homepage"
>
  <h1>
    Welcome to Math Magician
  </h1>
  <p
    className="homepage-detail"
  >
    If we learn mathematics, we can gain several very beneficial uses for our economic growth and thinking. It improves our critical thinking, aids logical thinking, improves our minds, encourages practicality, and could be used in daily situations.
  </p>
</div>
`;
